retry	Set up job	ï»¿2025-10-21T14:45:40.3021694Z Current runner version: '2.329.0'
retry	Set up job	2025-10-21T14:45:40.3054157Z ##[group]Runner Image Provisioner
retry	Set up job	2025-10-21T14:45:40.3055232Z Hosted Compute Agent
retry	Set up job	2025-10-21T14:45:40.3055811Z Version: 20250912.392
retry	Set up job	2025-10-21T14:45:40.3056407Z Commit: d921fda672a98b64f4f82364647e2f10b2267d0b
retry	Set up job	2025-10-21T14:45:40.3057155Z Build Date: 2025-09-12T15:23:14Z
retry	Set up job	2025-10-21T14:45:40.3057752Z ##[endgroup]
retry	Set up job	2025-10-21T14:45:40.3058299Z ##[group]Operating System
retry	Set up job	2025-10-21T14:45:40.3058886Z Ubuntu
retry	Set up job	2025-10-21T14:45:40.3059351Z 24.04.3
retry	Set up job	2025-10-21T14:45:40.3059793Z LTS
retry	Set up job	2025-10-21T14:45:40.3060403Z ##[endgroup]
retry	Set up job	2025-10-21T14:45:40.3060899Z ##[group]Runner Image
retry	Set up job	2025-10-21T14:45:40.3061453Z Image: ubuntu-24.04
retry	Set up job	2025-10-21T14:45:40.3062026Z Version: 20250929.60.1
retry	Set up job	2025-10-21T14:45:40.3063248Z Included Software: https://github.com/actions/runner-images/blob/ubuntu24/20250929.60/images/ubuntu/Ubuntu2404-Readme.md
retry	Set up job	2025-10-21T14:45:40.3064656Z Image Release: https://github.com/actions/runner-images/releases/tag/ubuntu24%2F20250929.60
retry	Set up job	2025-10-21T14:45:40.3065940Z ##[endgroup]
retry	Set up job	2025-10-21T14:45:40.3067101Z ##[group]GITHUB_TOKEN Permissions
retry	Set up job	2025-10-21T14:45:40.3069141Z Contents: read
retry	Set up job	2025-10-21T14:45:40.3069718Z Metadata: read
retry	Set up job	2025-10-21T14:45:40.3070363Z Packages: read
retry	Set up job	2025-10-21T14:45:40.3070870Z ##[endgroup]
retry	Set up job	2025-10-21T14:45:40.3073393Z Secret source: Actions
retry	Set up job	2025-10-21T14:45:40.3074313Z Prepare workflow directory
retry	Set up job	2025-10-21T14:45:40.3827670Z Prepare all required actions
retry	Set up job	2025-10-21T14:45:40.3916273Z Complete job name: retry
retry	Preflight / Validate secrets	ï»¿2025-10-21T14:45:40.4586831Z ##[group]Run set -euo pipefail
retry	Preflight / Validate secrets	2025-10-21T14:45:40.4587708Z [36;1mset -euo pipefail[0m
retry	Preflight / Validate secrets	2025-10-21T14:45:40.4588457Z [36;1mif [[ -z "${VERCEL_TOKEN:-}" || -z "${VERCEL_PROJECT_ID:-}" ]]; then[0m
retry	Preflight / Validate secrets	2025-10-21T14:45:40.4589345Z [36;1m  echo "âŒ Missing VERCEL_TOKEN or VERCEL_PROJECT_ID."[0m
retry	Preflight / Validate secrets	2025-10-21T14:45:40.4590057Z [36;1m  exit 1[0m
retry	Preflight / Validate secrets	2025-10-21T14:45:40.4590578Z [36;1mfi[0m
retry	Preflight / Validate secrets	2025-10-21T14:45:40.4591260Z [36;1mecho "Target=${TARGET}"[0m
retry	Preflight / Validate secrets	2025-10-21T14:45:40.4591865Z [36;1mecho "Project=${VERCEL_PROJECT_ID}"[0m
retry	Preflight / Validate secrets	2025-10-21T14:45:40.4592877Z [36;1mif [[ -n "${VERCEL_TEAM_ID:-}" ]]; then echo "Team=${VERCEL_TEAM_ID}"; fi[0m
retry	Preflight / Validate secrets	2025-10-21T14:45:40.6235300Z shell: /usr/bin/bash --noprofile --norc -e -o pipefail {0}
retry	Preflight / Validate secrets	2025-10-21T14:45:40.6236501Z env:
retry	Preflight / Validate secrets	2025-10-21T14:45:40.6237438Z   VERCEL_TOKEN: ***
retry	Preflight / Validate secrets	2025-10-21T14:45:40.6238133Z   VERCEL_PROJECT_ID: ***
retry	Preflight / Validate secrets	2025-10-21T14:45:40.6238696Z   VERCEL_TEAM_ID: 
retry	Preflight / Validate secrets	2025-10-21T14:45:40.6239282Z   SLACK_WEBHOOK_URL: 
retry	Preflight / Validate secrets	2025-10-21T14:45:40.6239799Z   TARGET: production
retry	Preflight / Validate secrets	2025-10-21T14:45:40.6240484Z   VERCEL_API: https://api.vercel.com
retry	Preflight / Validate secrets	2025-10-21T14:45:40.6241097Z ##[endgroup]
retry	Preflight / Validate secrets	2025-10-21T14:45:40.6424447Z Target=production
retry	Preflight / Validate secrets	2025-10-21T14:45:40.6425328Z Project=***
retry	Install jq	ï»¿2025-10-21T14:45:40.6583513Z ##[group]Run sudo apt-get update -y
retry	Install jq	2025-10-21T14:45:40.6584165Z [36;1msudo apt-get update -y[0m
retry	Install jq	2025-10-21T14:45:40.6584696Z [36;1msudo apt-get install -y jq[0m
retry	Install jq	2025-10-21T14:45:40.6617532Z shell: /usr/bin/bash --noprofile --norc -e -o pipefail {0}
retry	Install jq	2025-10-21T14:45:40.6618170Z env:
retry	Install jq	2025-10-21T14:45:40.6618665Z   VERCEL_TOKEN: ***
retry	Install jq	2025-10-21T14:45:40.6619187Z   VERCEL_PROJECT_ID: ***
retry	Install jq	2025-10-21T14:45:40.6619612Z   VERCEL_TEAM_ID: 
retry	Install jq	2025-10-21T14:45:40.6620002Z   SLACK_WEBHOOK_URL: 
retry	Install jq	2025-10-21T14:45:40.6620404Z   TARGET: production
retry	Install jq	2025-10-21T14:45:40.6620876Z   VERCEL_API: https://api.vercel.com
retry	Install jq	2025-10-21T14:45:40.6621367Z ##[endgroup]
retry	Install jq	2025-10-21T14:45:40.7294197Z Get:1 file:/etc/apt/apt-mirrors.txt Mirrorlist [144 B]
retry	Install jq	2025-10-21T14:45:40.7895503Z Hit:2 http://azure.archive.ubuntu.com/ubuntu noble InRelease
retry	Install jq	2025-10-21T14:45:40.7910895Z Get:6 https://packages.microsoft.com/repos/azure-cli noble InRelease [3564 B]
retry	Install jq	2025-10-21T14:45:40.7913210Z Get:7 https://packages.microsoft.com/ubuntu/24.04/prod noble InRelease [3600 B]
retry	Install jq	2025-10-21T14:45:40.7927883Z Get:3 http://azure.archive.ubuntu.com/ubuntu noble-updates InRelease [126 kB]
retry	Install jq	2025-10-21T14:45:40.8022912Z Get:4 http://azure.archive.ubuntu.com/ubuntu noble-backports InRelease [126 kB]
retry	Install jq	2025-10-21T14:45:40.8035582Z Get:5 http://azure.archive.ubuntu.com/ubuntu noble-security InRelease [126 kB]
retry	Install jq	2025-10-21T14:45:40.9665095Z Get:8 https://packages.microsoft.com/repos/azure-cli noble/main amd64 Packages [1629 B]
retry	Install jq	2025-10-21T14:45:41.0142346Z Get:9 https://packages.microsoft.com/ubuntu/24.04/prod noble/main arm64 Packages [45.6 kB]
retry	Install jq	2025-10-21T14:45:41.0275282Z Get:10 https://packages.microsoft.com/ubuntu/24.04/prod noble/main armhf Packages [10.9 kB]
retry	Install jq	2025-10-21T14:45:41.0326545Z Get:11 https://packages.microsoft.com/ubuntu/24.04/prod noble/main amd64 Packages [63.0 kB]
retry	Install jq	2025-10-21T14:45:41.0641772Z Get:12 http://azure.archive.ubuntu.com/ubuntu noble-updates/main amd64 Packages [1523 kB]
retry	Install jq	2025-10-21T14:45:41.0743178Z Get:13 http://azure.archive.ubuntu.com/ubuntu noble-updates/main Translation-en [291 kB]
retry	Install jq	2025-10-21T14:45:41.0771468Z Get:14 http://azure.archive.ubuntu.com/ubuntu noble-updates/main amd64 Components [175 kB]
retry	Install jq	2025-10-21T14:45:41.0792809Z Get:15 http://azure.archive.ubuntu.com/ubuntu noble-updates/main amd64 c-n-f Metadata [15.3 kB]
retry	Install jq	2025-10-21T14:45:41.0804561Z Get:16 http://azure.archive.ubuntu.com/ubuntu noble-updates/universe amd64 Packages [1496 kB]
retry	Install jq	2025-10-21T14:45:41.0888888Z Get:17 http://azure.archive.ubuntu.com/ubuntu noble-updates/universe Translation-en [301 kB]
retry	Install jq	2025-10-21T14:45:41.0917712Z Get:18 http://azure.archive.ubuntu.com/ubuntu noble-updates/universe amd64 Components [377 kB]
retry	Install jq	2025-10-21T14:45:41.0951300Z Get:19 http://azure.archive.ubuntu.com/ubuntu noble-updates/universe amd64 c-n-f Metadata [31.3 kB]
retry	Install jq	2025-10-21T14:45:41.0961804Z Get:20 http://azure.archive.ubuntu.com/ubuntu noble-updates/restricted amd64 Packages [2137 kB]
retry	Install jq	2025-10-21T14:45:41.1079531Z Get:21 http://azure.archive.ubuntu.com/ubuntu noble-updates/restricted Translation-en [483 kB]
retry	Install jq	2025-10-21T14:45:41.1535195Z Get:22 http://azure.archive.ubuntu.com/ubuntu noble-updates/restricted amd64 Components [212 B]
retry	Install jq	2025-10-21T14:45:41.1541708Z Get:23 http://azure.archive.ubuntu.com/ubuntu noble-updates/restricted amd64 c-n-f Metadata [516 B]
retry	Install jq	2025-10-21T14:45:41.1553673Z Get:24 http://azure.archive.ubuntu.com/ubuntu noble-updates/multiverse amd64 Packages [30.3 kB]
retry	Install jq	2025-10-21T14:45:41.1567425Z Get:25 http://azure.archive.ubuntu.com/ubuntu noble-updates/multiverse Translation-en [5564 B]
retry	Install jq	2025-10-21T14:45:41.1578313Z Get:26 http://azure.archive.ubuntu.com/ubuntu noble-updates/multiverse amd64 Components [940 B]
retry	Install jq	2025-10-21T14:45:41.1589177Z Get:27 http://azure.archive.ubuntu.com/ubuntu noble-updates/multiverse amd64 c-n-f Metadata [484 B]
retry	Install jq	2025-10-21T14:45:41.1597509Z Get:28 http://azure.archive.ubuntu.com/ubuntu noble-backports/main amd64 Components [7144 B]
retry	Install jq	2025-10-21T14:45:41.1607876Z Get:29 http://azure.archive.ubuntu.com/ubuntu noble-backports/universe amd64 Components [11.0 kB]
retry	Install jq	2025-10-21T14:45:41.1618965Z Get:30 http://azure.archive.ubuntu.com/ubuntu noble-backports/restricted amd64 Components [212 B]
retry	Install jq	2025-10-21T14:45:41.1628860Z Get:31 http://azure.archive.ubuntu.com/ubuntu noble-backports/multiverse amd64 Components [212 B]
retry	Install jq	2025-10-21T14:45:41.1721435Z Get:32 http://azure.archive.ubuntu.com/ubuntu noble-security/main amd64 Packages [1223 kB]
retry	Install jq	2025-10-21T14:45:41.1795500Z Get:33 http://azure.archive.ubuntu.com/ubuntu noble-security/main Translation-en [205 kB]
retry	Install jq	2025-10-21T14:45:41.1816821Z Get:34 http://azure.archive.ubuntu.com/ubuntu noble-security/main amd64 Components [21.6 kB]
retry	Install jq	2025-10-21T14:45:41.1828571Z Get:35 http://azure.archive.ubuntu.com/ubuntu noble-security/main amd64 c-n-f Metadata [8968 B]
retry	Install jq	2025-10-21T14:45:41.2252934Z Get:36 http://azure.archive.ubuntu.com/ubuntu noble-security/universe amd64 Packages [904 kB]
retry	Install jq	2025-10-21T14:45:41.2307455Z Get:37 http://azure.archive.ubuntu.com/ubuntu noble-security/universe Translation-en [202 kB]
retry	Install jq	2025-10-21T14:45:41.2330188Z Get:38 http://azure.archive.ubuntu.com/ubuntu noble-security/universe amd64 Components [52.3 kB]
retry	Install jq	2025-10-21T14:45:41.2342981Z Get:39 http://azure.archive.ubuntu.com/ubuntu noble-security/universe amd64 c-n-f Metadata [19.3 kB]
retry	Install jq	2025-10-21T14:45:41.2352301Z Get:40 http://azure.archive.ubuntu.com/ubuntu noble-security/restricted amd64 Packages [1985 kB]
retry	Install jq	2025-10-21T14:45:41.2447209Z Get:41 http://azure.archive.ubuntu.com/ubuntu noble-security/restricted Translation-en [448 kB]
retry	Install jq	2025-10-21T14:45:41.2479599Z Get:42 http://azure.archive.ubuntu.com/ubuntu noble-security/restricted amd64 Components [212 B]
retry	Install jq	2025-10-21T14:45:41.2488957Z Get:43 http://azure.archive.ubuntu.com/ubuntu noble-security/restricted amd64 c-n-f Metadata [500 B]
retry	Install jq	2025-10-21T14:45:41.2498867Z Get:44 http://azure.archive.ubuntu.com/ubuntu noble-security/multiverse amd64 Packages [27.4 kB]
retry	Install jq	2025-10-21T14:45:41.2518681Z Get:45 http://azure.archive.ubuntu.com/ubuntu noble-security/multiverse Translation-en [5708 B]
retry	Install jq	2025-10-21T14:45:41.2529251Z Get:46 http://azure.archive.ubuntu.com/ubuntu noble-security/multiverse amd64 Components [208 B]
retry	Install jq	2025-10-21T14:45:41.2541606Z Get:47 http://azure.archive.ubuntu.com/ubuntu noble-security/multiverse amd64 c-n-f Metadata [384 B]
retry	Install jq	2025-10-21T14:45:50.6579080Z Fetched 12.5 MB in 2s (7826 kB/s)
retry	Install jq	2025-10-21T14:45:51.3842340Z Reading package lists...
retry	Install jq	2025-10-21T14:45:51.4194493Z Reading package lists...
retry	Install jq	2025-10-21T14:45:51.6006658Z Building dependency tree...
retry	Install jq	2025-10-21T14:45:51.6017140Z Reading state information...
retry	Install jq	2025-10-21T14:45:51.7785323Z jq is already the newest version (1.7.1-3ubuntu0.24.04.1).
retry	Install jq	2025-10-21T14:45:51.7786103Z 0 upgraded, 0 newly installed, 0 to remove and 39 not upgraded.
retry	Probe latest failed/incomplete deployment	ï»¿2025-10-21T14:45:51.7840676Z ##[group]Run set -euo pipefail
retry	Probe latest failed/incomplete deployment	2025-10-21T14:45:51.7841081Z [36;1mset -euo pipefail[0m
retry	Probe latest failed/incomplete deployment	2025-10-21T14:45:51.7841345Z [36;1mq_team=""[0m
retry	Probe latest failed/incomplete deployment	2025-10-21T14:45:51.7841681Z [36;1m[[ -n "${VERCEL_TEAM_ID:-}" ]] && q_team="&teamId=${VERCEL_TEAM_ID}"[0m
retry	Probe latest failed/incomplete deployment	2025-10-21T14:45:51.7842134Z [36;1mecho "ðŸ”Ž Fetching recent deploymentsâ€¦"[0m
retry	Probe latest failed/incomplete deployment	2025-10-21T14:45:51.7843263Z [36;1mresp="$(curl -fsSL -H "Authorization: ***" \[0m
retry	Probe latest failed/incomplete deployment	2025-10-21T14:45:51.7843779Z [36;1m  "${VERCEL_API}/v6/deployments?projectId=${VERCEL_PROJECT_ID}&limit=20${q_team}")"[0m
retry	Probe latest failed/incomplete deployment	2025-10-21T14:45:51.7844234Z [36;1mcandidate="$(echo "$resp" \[0m
retry	Probe latest failed/incomplete deployment	2025-10-21T14:45:51.7844562Z [36;1m  | jq --arg tgt "${TARGET}" '[0m
retry	Probe latest failed/incomplete deployment	2025-10-21T14:45:51.7844897Z [36;1m      .deployments[0m
retry	Probe latest failed/incomplete deployment	2025-10-21T14:45:51.7845204Z [36;1m      | map(select((.target // "preview")==$tgt))[0m
retry	Probe latest failed/incomplete deployment	2025-10-21T14:45:51.7845560Z [36;1m      | map(select((.state // "") != "READY"))[0m
retry	Probe latest failed/incomplete deployment	2025-10-21T14:45:51.7845909Z [36;1m      | sort_by(.created) | last // empty[0m
retry	Probe latest failed/incomplete deployment	2025-10-21T14:45:51.7846206Z [36;1m    ')"[0m
retry	Probe latest failed/incomplete deployment	2025-10-21T14:45:51.7846551Z [36;1mif [[ -z "${candidate}" || "${candidate}" == "null" ]]; then[0m
retry	Probe latest failed/incomplete deployment	2025-10-21T14:45:51.7847003Z [36;1m  echo "âœ… No failed/incomplete deployment found. Nothing to retry."[0m
retry	Probe latest failed/incomplete deployment	2025-10-21T14:45:51.7847434Z [36;1m  echo "noop=true" >> "$GITHUB_OUTPUT"[0m
retry	Probe latest failed/incomplete deployment	2025-10-21T14:45:51.7847738Z [36;1m  exit 0[0m
retry	Probe latest failed/incomplete deployment	2025-10-21T14:45:51.7847955Z [36;1mfi[0m
retry	Probe latest failed/incomplete deployment	2025-10-21T14:45:51.7848224Z [36;1mdep_id="$(echo "$candidate" | jq -r '.uid')"[0m
retry	Probe latest failed/incomplete deployment	2025-10-21T14:45:51.7848590Z [36;1mdep_url="$(echo "$candidate" | jq -r '.url')"[0m
retry	Probe latest failed/incomplete deployment	2025-10-21T14:45:51.7849146Z [36;1mdep_state="$(echo "$candidate" | jq -r '.state')"[0m
retry	Probe latest failed/incomplete deployment	2025-10-21T14:45:51.7849709Z [36;1mecho "ðŸŸ¡ Non-ready deployment: id=${dep_id} state=${dep_state} url=${dep_url}"[0m
retry	Probe latest failed/incomplete deployment	2025-10-21T14:45:51.7850193Z [36;1mecho "deployment_id=${dep_id}" >> "$GITHUB_OUTPUT"[0m
retry	Probe latest failed/incomplete deployment	2025-10-21T14:45:51.7850592Z [36;1mecho "deployment_url=${dep_url}" >> "$GITHUB_OUTPUT"[0m
retry	Probe latest failed/incomplete deployment	2025-10-21T14:45:51.7885395Z shell: /usr/bin/bash --noprofile --norc -e -o pipefail {0}
retry	Probe latest failed/incomplete deployment	2025-10-21T14:45:51.7885825Z env:
retry	Probe latest failed/incomplete deployment	2025-10-21T14:45:51.7886157Z   VERCEL_TOKEN: ***
retry	Probe latest failed/incomplete deployment	2025-10-21T14:45:51.7886484Z   VERCEL_PROJECT_ID: ***
retry	Probe latest failed/incomplete deployment	2025-10-21T14:45:51.7886734Z   VERCEL_TEAM_ID: 
retry	Probe latest failed/incomplete deployment	2025-10-21T14:45:51.7886970Z   SLACK_WEBHOOK_URL: 
retry	Probe latest failed/incomplete deployment	2025-10-21T14:45:51.7887213Z   TARGET: production
retry	Probe latest failed/incomplete deployment	2025-10-21T14:45:51.7887500Z   VERCEL_API: https://api.vercel.com
retry	Probe latest failed/incomplete deployment	2025-10-21T14:45:51.7887806Z ##[endgroup]
retry	Probe latest failed/incomplete deployment	2025-10-21T14:45:51.8026658Z ðŸ”Ž Fetching recent deploymentsâ€¦
retry	Probe latest failed/incomplete deployment	2025-10-21T14:45:52.0845961Z ðŸŸ¡ Non-ready deployment: id=dpl_4ktFxpFnRAdTRUfXw6veZJgzgDMY state=ERROR url=shopwriter-oubwgareu-t-imafukus-projects.vercel.app
retry	Redeploy (Vercel API)	ï»¿2025-10-21T14:45:52.0945189Z ##[group]Run set -euo pipefail
retry	Redeploy (Vercel API)	2025-10-21T14:45:52.0945544Z [36;1mset -euo pipefail[0m
retry	Redeploy (Vercel API)	2025-10-21T14:45:52.0945865Z [36;1mdep_id="dpl_4ktFxpFnRAdTRUfXw6veZJgzgDMY"[0m
retry	Redeploy (Vercel API)	2025-10-21T14:45:52.0946192Z [36;1mq_team=""[0m
retry	Redeploy (Vercel API)	2025-10-21T14:45:52.0946523Z [36;1m[[ -n "${VERCEL_TEAM_ID:-}" ]] && q_team="?teamId=${VERCEL_TEAM_ID}"[0m
retry	Redeploy (Vercel API)	2025-10-21T14:45:52.0946963Z [36;1mecho "ðŸš€ Redeploying ${dep_id} (target=${TARGET}) â€¦"[0m
retry	Redeploy (Vercel API)	2025-10-21T14:45:52.0947547Z [36;1mr="$(curl -fsSL -X POST -H "Authorization: ***" \[0m
retry	Redeploy (Vercel API)	2025-10-21T14:45:52.0947972Z [36;1m    "${VERCEL_API}/v13/deployments/${dep_id}/redeploy${q_team}")"[0m
retry	Redeploy (Vercel API)	2025-10-21T14:45:52.0948421Z [36;1mnew_id="$(echo "$r" | jq -r '.deployment?.id // .id // empty')"[0m
retry	Redeploy (Vercel API)	2025-10-21T14:45:52.0948829Z [36;1mif [[ -z "${new_id}" || "${new_id}" == "null" ]]; then[0m
retry	Redeploy (Vercel API)	2025-10-21T14:45:52.0949259Z [36;1m  echo "âš ï¸ Redeploy API returned no new id, falling back to original."[0m
retry	Redeploy (Vercel API)	2025-10-21T14:45:52.0949647Z [36;1m  new_id="${dep_id}"[0m
retry	Redeploy (Vercel API)	2025-10-21T14:45:52.0949934Z [36;1mfi>[0m
retry	Redeploy (Vercel API)	2025-10-21T14:45:52.0950271Z [36;1mecho "new_deployment_id=${new_id}" >> "$GITHUB_OUTPUT"[0m
retry	Redeploy (Vercel API)	2025-10-21T14:45:52.0950650Z [36;1mecho "âœ… Redeploy accepted: ${new_id}"[0m
retry	Redeploy (Vercel API)	2025-10-21T14:45:52.0984447Z shell: /usr/bin/bash --noprofile --norc -e -o pipefail {0}
retry	Redeploy (Vercel API)	2025-10-21T14:45:52.0984810Z env:
retry	Redeploy (Vercel API)	2025-10-21T14:45:52.0985112Z   VERCEL_TOKEN: ***
retry	Redeploy (Vercel API)	2025-10-21T14:45:52.0985416Z   VERCEL_PROJECT_ID: ***
retry	Redeploy (Vercel API)	2025-10-21T14:45:52.0985659Z   VERCEL_TEAM_ID: 
retry	Redeploy (Vercel API)	2025-10-21T14:45:52.0985892Z   SLACK_WEBHOOK_URL: 
retry	Redeploy (Vercel API)	2025-10-21T14:45:52.0986131Z   TARGET: production
retry	Redeploy (Vercel API)	2025-10-21T14:45:52.0986398Z   VERCEL_API: https://api.vercel.com
retry	Redeploy (Vercel API)	2025-10-21T14:45:52.0986703Z ##[endgroup]
retry	Redeploy (Vercel API)	2025-10-21T14:45:52.1036888Z ðŸš€ Redeploying dpl_4ktFxpFnRAdTRUfXw6veZJgzgDMY (target=production) â€¦
retry	Redeploy (Vercel API)	2025-10-21T14:45:52.3609445Z curl: (22) The requested URL returned error: 404
retry	Redeploy (Vercel API)	2025-10-21T14:45:52.3647750Z ##[error]Process completed with exit code 22.
retry	Complete job	ï»¿2025-10-21T14:45:52.3739770Z Cleaning up orphan processes
